2026-07-12 19:29:56,391 sgg_benchmark INFO: Using 1 GPUs
2026-07-12 19:29:56,391 sgg_benchmark INFO: Task mode: sgdet
2026-07-12 19:29:56,391 sgg_benchmark INFO: Loading training dataset to extract class information...
2026-07-12 19:29:56,703 sgg_benchmark INFO: Extracted from dataset: num_obj_classes=7, num_rel_classes=8
2026-07-12 19:29:56,704 sgg_benchmark INFO: Saving config to: ./checkpoints/spatial/react_auto/config.yml
2026-07-12 19:29:56,733 sgg_benchmark INFO: Saving Hydra config to: ./checkpoints/spatial/react_auto/hydra_config.yaml
2026-07-12 19:29:56,733 sgg_benchmark INFO: Building model...
2026-07-12 19:29:57,370 sgg_benchmark.data.build INFO: ----------------------------------------------------------------------------------------------------
2026-07-12 19:29:57,370 sgg_benchmark.data.build INFO: get dataset statistics...
2026-07-12 19:29:57,370 sgg_benchmark.data.build INFO: Unable to load data statistics from: ./checkpoints/spatial/react_auto/SpatialRobot_statistics.cache
2026-07-12 19:29:57,929 sgg_benchmark.data.build INFO: Save data statistics to: ./checkpoints/spatial/react_auto/SpatialRobot_statistics.cache
2026-07-12 19:29:57,929 sgg_benchmark.data.build INFO: ----------------------------------------------------------------------------------------------------
2026-07-12 19:29:57,951 sgg_benchmark.data.build INFO: ----------------------------------------------------------------------------------------------------
2026-07-12 19:29:57,951 sgg_benchmark.data.build INFO: get dataset statistics...
2026-07-12 19:29:57,951 sgg_benchmark.data.build INFO: Loading data statistics from: ./checkpoints/spatial/react_auto/SpatialRobot_statistics.cache
2026-07-12 19:29:57,951 sgg_benchmark.data.build INFO: ----------------------------------------------------------------------------------------------------
2026-07-12 19:29:57,956 sgg_benchmark.data.build INFO: ----------------------------------------------------------------------------------------------------
2026-07-12 19:29:57,957 sgg_benchmark.data.build INFO: get dataset statistics...
2026-07-12 19:29:57,957 sgg_benchmark.data.build INFO: Loading data statistics from: ./checkpoints/spatial/react_auto/SpatialRobot_statistics.cache
2026-07-12 19:29:57,957 sgg_benchmark.data.build INFO: ----------------------------------------------------------------------------------------------------
2026-07-12 19:30:02,446 sgg_benchmark INFO: Building optimizer and scheduler...
2026-07-12 19:30:02,453 sgg_benchmark INFO: [LR] WarmupCosineAnnealingIterLR: total_iters=387 (25 epochs × 62 iters/epoch ÷ 4 accum), warmup_iters=31 (2 warmup epoch(s)), eta_min=5.0e-07
2026-07-12 19:30:02,453 sgg_benchmark INFO: Loading validation dataset...
2026-07-12 19:30:02,500 sgg_benchmark INFO: Loading pretrained backbone detector from: ./checkpoints/BACKBONES/yolov8m_spatial.pt
2026-07-12 19:30:02,500 sgg_benchmark INFO: Loading backbone from ./checkpoints/BACKBONES/yolov8m_spatial.pt
2026-07-12 19:30:02,643 sgg_benchmark INFO: Relation predictor set to training mode
2026-07-12 19:30:02,645 sgg_benchmark INFO: Total parameters: 35,641,371
2026-07-12 19:30:02,645 sgg_benchmark INFO: Trainable parameters: 9,781,577 (27.44%)
2026-07-12 19:30:02,645 sgg_benchmark INFO: Starting training loop...
2026-07-12 19:30:03,725 sgg_benchmark INFO: Start training for 25 epochs (starting from epoch 0)
2026-07-12 19:30:03,727 sgg_benchmark INFO: Detached logging enabled (interval=200)
2026-07-12 19:30:05,994 sgg_benchmark INFO: Epoch 0 [1/62] | loss=0.7963 | loss: [ rel=0.759 | l21=0.033 | dist=0.004 | dis=0.000 ] | lr=1.29e-05 | elapsed=0:00:02 | ETA=0:02:18
2026-07-12 19:31:01,240 sgg_benchmark INFO: Epoch 0 training time: 57.51 s
2026-07-12 19:31:01,240 sgg_benchmark INFO: Start validating
2026-07-12 19:31:01,241 sgg_benchmark INFO: Start evaluation on  dataset(100 images).
2026-07-12 19:31:05,259 sgg_benchmark INFO: Total run time: 0:00:03 (37.09142116546631 ms / img per device, on 1 devices)
2026-07-12 19:31:05,259 sgg_benchmark INFO: Average latency per image: 37.09142116546631ms
2026-07-12 19:31:05,259 sgg_benchmark INFO: Standard deviation of latency: 6.589604087153339ms
2026-07-12 19:31:05,263 sgg_benchmark.data.build INFO: ----------------------------------------------------------------------------------------------------
2026-07-12 19:31:05,263 sgg_benchmark.data.build INFO: get dataset statistics...
2026-07-12 19:31:05,263 sgg_benchmark.data.build INFO: Loading data statistics from: ./checkpoints/spatial/react_auto/SpatialRobot_statistics.cache
2026-07-12 19:31:05,263 sgg_benchmark.data.build INFO: ----------------------------------------------------------------------------------------------------
2026-07-12 19:31:05,267 sgg_benchmark INFO: Dynamically loaded 213 seen triplets from training statistics for zero-shot evaluation.
2026-07-12 19:31:07,217 sgg_benchmark INFO: 
====================================================================================================
Detection evaluation mAp=0.6990
====================================================================================================
SGG eval:     R @ 20: 0.0257;     R @ 50: 0.0650;     R @ 100: 0.1134;  for mode=sgdet.
SGG eval:    mR @ 20: 0.0191;    mR @ 50: 0.0478;    mR @ 100: 0.0836;  for mode=sgdet.
----------------------- Details ------------------------
(on:0.0000) (under:0.0000) (to the left of:0.0473) (to the right of:0.0491) (in front of:0.1060) (behind:0.1918) (near:0.1914) 
--------------------------------------------------------
SGG eval:     zR @ 20: 0.0000;     zR @ 50: 0.0000;     zR @ 100: 0.0000;  for mode=sgdet.
SGG eval:     F1 @ 20: 0.0220;     F1 @ 50: 0.0551;     F1 @ 100: 0.0963;  for mode=sgdet.
====================================================================================================

2026-07-12 19:31:07,218 sgg_benchmark INFO: Average validation Result for mR: 0.0502
2026-07-12 19:31:07,221 sgg_benchmark.utils.checkpoint INFO: Saving checkpoint to ./checkpoints/spatial/react_auto/best_model_epoch_0.pth
2026-07-12 19:31:07,514 sgg_benchmark INFO: Now best epoch in mR@k is : 0, with value is 0.050185367255028056
2026-07-12 19:31:07,516 sgg_benchmark INFO: Detached logging enabled (interval=200)
2026-07-12 19:31:08,951 sgg_benchmark INFO: Epoch 1 [1/62] | loss=0.5714 | loss: [ rel=0.465 | l21=0.072 | dist=0.035 | dis=0.000 ] | lr=5.94e-05 | elapsed=0:00:01 | ETA=0:01:27
2026-07-12 19:32:03,915 sgg_benchmark INFO: Epoch 1 training time: 56.40 s
2026-07-12 19:32:03,916 sgg_benchmark INFO: Start validating
2026-07-12 19:32:03,916 sgg_benchmark INFO: Start evaluation on  dataset(100 images).
2026-07-12 19:32:07,878 sgg_benchmark INFO: Total run time: 0:00:03 (36.32676773071289 ms / img per device, on 1 devices)
2026-07-12 19:32:07,879 sgg_benchmark INFO: Average latency per image: 36.32676773071289ms
2026-07-12 19:32:07,879 sgg_benchmark INFO: Standard deviation of latency: 2.54405058068218ms
2026-07-12 19:32:07,882 sgg_benchmark.data.build INFO: ----------------------------------------------------------------------------------------------------
2026-07-12 19:32:07,882 sgg_benchmark.data.build INFO: get dataset statistics...
2026-07-12 19:32:07,882 sgg_benchmark.data.build INFO: Loading data statistics from: ./checkpoints/spatial/react_auto/SpatialRobot_statistics.cache
2026-07-12 19:32:07,882 sgg_benchmark.data.build INFO: ----------------------------------------------------------------------------------------------------
2026-07-12 19:32:07,886 sgg_benchmark INFO: Dynamically loaded 213 seen triplets from training statistics for zero-shot evaluation.
2026-07-12 19:32:09,875 sgg_benchmark INFO: 
====================================================================================================
Detection evaluation mAp=0.6990
====================================================================================================
SGG eval:     R @ 20: 0.0423;     R @ 50: 0.0973;     R @ 100: 0.1714;  for mode=sgdet.
SGG eval:    mR @ 20: 0.0299;    mR @ 50: 0.0707;    mR @ 100: 0.1322;  for mode=sgdet.
----------------------- Details ------------------------
(on:0.0000) (under:0.0469) (to the left of:0.0240) (to the right of:0.0363) (in front of:0.4374) (behind:0.3423) (near:0.0388) 
--------------------------------------------------------
SGG eval:     zR @ 20: 0.0000;     zR @ 50: 0.0000;     zR @ 100: 0.0000;  for mode=sgdet.
SGG eval:     F1 @ 20: 0.0350;     F1 @ 50: 0.0819;     F1 @ 100: 0.1493;  for mode=sgdet.
====================================================================================================

2026-07-12 19:32:09,876 sgg_benchmark INFO: Average validation Result for mR: 0.0776
2026-07-12 19:32:09,880 sgg_benchmark.utils.checkpoint INFO: Saving checkpoint to ./checkpoints/spatial/react_auto/best_model_epoch_1.pth
2026-07-12 19:32:10,208 sgg_benchmark INFO: New best model saved at iteration 1
2026-07-12 19:32:10,209 sgg_benchmark INFO: Now best epoch in mR@k is : 1, with value is 0.07761801303975234
2026-07-12 19:32:10,211 sgg_benchmark INFO: Detached logging enabled (interval=200)
2026-07-12 19:32:11,283 sgg_benchmark INFO: Epoch 2 [1/62] | loss=0.5122 | loss: [ rel=0.416 | l21=0.065 | dist=0.030 | dis=0.000 ] | lr=1.00e-04 | elapsed=0:00:01 | ETA=0:01:05
2026-07-12 19:33:06,626 sgg_benchmark INFO: Epoch 2 training time: 56.42 s
2026-07-12 19:33:06,627 sgg_benchmark INFO: Start validating
2026-07-12 19:33:06,627 sgg_benchmark INFO: Start evaluation on  dataset(100 images).
2026-07-12 19:33:10,510 sgg_benchmark INFO: Total run time: 0:00:03 (35.58896827697754 ms / img per device, on 1 devices)
2026-07-12 19:33:10,511 sgg_benchmark INFO: Average latency per image: 35.58896827697754ms
2026-07-12 19:33:10,511 sgg_benchmark INFO: Standard deviation of latency: 2.259161394989029ms
2026-07-12 19:33:10,514 sgg_benchmark.data.build INFO: ----------------------------------------------------------------------------------------------------
2026-07-12 19:33:10,514 sgg_benchmark.data.build INFO: get dataset statistics...
2026-07-12 19:33:10,515 sgg_benchmark.data.build INFO: Loading data statistics from: ./checkpoints/spatial/react_auto/SpatialRobot_statistics.cache
2026-07-12 19:33:10,515 sgg_benchmark.data.build INFO: ----------------------------------------------------------------------------------------------------
2026-07-12 19:33:10,519 sgg_benchmark INFO: Dynamically loaded 213 seen triplets from training statistics for zero-shot evaluation.
2026-07-12 19:33:12,543 sgg_benchmark INFO: 
====================================================================================================
Detection evaluation mAp=0.6990
====================================================================================================
SGG eval:     R @ 20: 0.0429;     R @ 50: 0.0905;     R @ 100: 0.1551;  for mode=sgdet.
SGG eval:    mR @ 20: 0.1030;    mR @ 50: 0.1673;    mR @ 100: 0.2293;  for mode=sgdet.
----------------------- Details ------------------------
(on:0.4545) (under:0.3971) (to the left of:0.0133) (to the right of:0.1025) (in front of:0.3564) (behind:0.2560) (near:0.0256) 
--------------------------------------------------------
SGG eval:     zR @ 20: 0.0000;     zR @ 50: 0.0000;     zR @ 100: 0.0000;  for mode=sgdet.
SGG eval:     F1 @ 20: 0.0605;     F1 @ 50: 0.1175;     F1 @ 100: 0.1850;  for mode=sgdet.
====================================================================================================

2026-07-12 19:33:12,544 sgg_benchmark INFO: Average validation Result for mR: 0.1665
2026-07-12 19:33:12,548 sgg_benchmark.utils.checkpoint INFO: Saving checkpoint to ./checkpoints/spatial/react_auto/best_model_epoch_2.pth
2026-07-12 19:33:12,952 sgg_benchmark INFO: New best model saved at iteration 2
2026-07-12 19:33:12,952 sgg_benchmark INFO: Now best epoch in mR@k is : 2, with value is 0.16652023222962878
2026-07-12 19:33:12,954 sgg_benchmark INFO: Detached logging enabled (interval=200)
2026-07-12 19:33:14,206 sgg_benchmark INFO: Epoch 3 [1/62] | loss=0.4419 | loss: [ rel=0.381 | l21=0.045 | dist=0.016 | dis=0.000 ] | lr=9.94e-05 | elapsed=0:00:01 | ETA=0:01:16
2026-07-12 19:34:09,640 sgg_benchmark INFO: Epoch 3 training time: 56.69 s
2026-07-12 19:34:09,648 sgg_benchmark INFO: Start validating
2026-07-12 19:34:09,648 sgg_benchmark INFO: Start evaluation on  dataset(100 images).
2026-07-12 19:34:13,608 sgg_benchmark INFO: Total run time: 0:00:03 (36.42427352905273 ms / img per device, on 1 devices)
2026-07-12 19:34:13,609 sgg_benchmark INFO: Average latency per image: 36.42427352905273ms
2026-07-12 19:34:13,609 sgg_benchmark INFO: Standard deviation of latency: 2.831821991549326ms
2026-07-12 19:34:13,612 sgg_benchmark.data.build INFO: ----------------------------------------------------------------------------------------------------
2026-07-12 19:34:13,612 sgg_benchmark.data.build INFO: get dataset statistics...
2026-07-12 19:34:13,613 sgg_benchmark.data.build INFO: Loading data statistics from: ./checkpoints/spatial/react_auto/SpatialRobot_statistics.cache
2026-07-12 19:34:13,613 sgg_benchmark.data.build INFO: ----------------------------------------------------------------------------------------------------
2026-07-12 19:34:13,616 sgg_benchmark INFO: Dynamically loaded 213 seen triplets from training statistics for zero-shot evaluation.
2026-07-12 19:34:15,643 sgg_benchmark INFO: 
====================================================================================================
Detection evaluation mAp=0.6990
====================================================================================================
SGG eval:     R @ 20: 0.0385;     R @ 50: 0.0892;     R @ 100: 0.1565;  for mode=sgdet.
SGG eval:    mR @ 20: 0.1015;    mR @ 50: 0.1561;    mR @ 100: 0.2178;  for mode=sgdet.
----------------------- Details ------------------------
(on:0.3382) (under:0.4394) (to the left of:0.0670) (to the right of:0.0982) (in front of:0.2505) (behind:0.2802) (near:0.0510) 
--------------------------------------------------------
SGG eval:     zR @ 20: 0.0000;     zR @ 50: 0.0000;     zR @ 100: 0.0000;  for mode=sgdet.
SGG eval:     F1 @ 20: 0.0558;     F1 @ 50: 0.1135;     F1 @ 100: 0.1821;  for mode=sgdet.
====================================================================================================

2026-07-12 19:34:15,644 sgg_benchmark INFO: Average validation Result for mR: 0.1585
2026-07-12 19:34:15,645 sgg_benchmark INFO: Now best epoch in mR@k is : 2, with value is 0.16652023222962878
2026-07-12 19:34:15,647 sgg_benchmark INFO: Detached logging enabled (interval=200)
2026-07-12 19:34:16,898 sgg_benchmark INFO: Epoch 4 [1/62] | loss=0.4253 | loss: [ rel=0.381 | l21=0.036 | dist=0.007 | dis=0.000 ] | lr=9.79e-05 | elapsed=0:00:01 | ETA=0:01:16
2026-07-12 19:35:11,787 sgg_benchmark INFO: Epoch 4 training time: 56.14 s
2026-07-12 19:35:11,788 sgg_benchmark INFO: Start validating
2026-07-12 19:35:11,788 sgg_benchmark INFO: Start evaluation on  dataset(100 images).
2026-07-12 19:35:15,740 sgg_benchmark INFO: Total run time: 0:00:03 (36.335659713745116 ms / img per device, on 1 devices)
2026-07-12 19:35:15,740 sgg_benchmark INFO: Average latency per image: 36.335659713745116ms
2026-07-12 19:35:15,740 sgg_benchmark INFO: Standard deviation of latency: 2.821611336805359ms
2026-07-12 19:35:15,744 sgg_benchmark.data.build INFO: ----------------------------------------------------------------------------------------------------
2026-07-12 19:35:15,744 sgg_benchmark.data.build INFO: get dataset statistics...
2026-07-12 19:35:15,744 sgg_benchmark.data.build INFO: Loading data statistics from: ./checkpoints/spatial/react_auto/SpatialRobot_statistics.cache
2026-07-12 19:35:15,744 sgg_benchmark.data.build INFO: ----------------------------------------------------------------------------------------------------
2026-07-12 19:35:15,748 sgg_benchmark INFO: Dynamically loaded 213 seen triplets from training statistics for zero-shot evaluation.
2026-07-12 19:35:17,743 sgg_benchmark INFO: 
====================================================================================================
Detection evaluation mAp=0.6990
====================================================================================================
SGG eval:     R @ 20: 0.0403;     R @ 50: 0.0958;     R @ 100: 0.1558;  for mode=sgdet.
SGG eval:    mR @ 20: 0.0925;    mR @ 50: 0.1647;    mR @ 100: 0.2215;  for mode=sgdet.
----------------------- Details ------------------------
(on:0.3788) (under:0.3971) (to the left of:0.0294) (to the right of:0.0927) (in front of:0.1674) (behind:0.2939) (near:0.1912) 
--------------------------------------------------------
SGG eval:     zR @ 20: 0.0000;     zR @ 50: 0.0000;     zR @ 100: 0.0000;  for mode=sgdet.
SGG eval:     F1 @ 20: 0.0561;     F1 @ 50: 0.1211;     F1 @ 100: 0.1829;  for mode=sgdet.
====================================================================================================

2026-07-12 19:35:17,745 sgg_benchmark INFO: Average validation Result for mR: 0.1596
2026-07-12 19:35:17,746 sgg_benchmark INFO: Now best epoch in mR@k is : 2, with value is 0.16652023222962878
2026-07-12 19:35:17,748 sgg_benchmark INFO: Detached logging enabled (interval=200)
2026-07-12 19:35:19,188 sgg_benchmark INFO: Epoch 5 [1/62] | loss=0.3627 | loss: [ rel=0.324 | l21=0.034 | dist=0.005 | dis=0.000 ] | lr=9.54e-05 | elapsed=0:00:01 | ETA=0:01:27
2026-07-12 19:36:13,967 sgg_benchmark INFO: Epoch 5 training time: 56.22 s
2026-07-12 19:36:13,968 sgg_benchmark INFO: Start validating
2026-07-12 19:36:13,968 sgg_benchmark INFO: Start evaluation on  dataset(100 images).
2026-07-12 19:36:17,878 sgg_benchmark INFO: Total run time: 0:00:03 (35.9241455078125 ms / img per device, on 1 devices)
2026-07-12 19:36:17,878 sgg_benchmark INFO: Average latency per image: 35.9241455078125ms
2026-07-12 19:36:17,878 sgg_benchmark INFO: Standard deviation of latency: 2.214148556110233ms
2026-07-12 19:36:17,882 sgg_benchmark.data.build INFO: ----------------------------------------------------------------------------------------------------
2026-07-12 19:36:17,882 sgg_benchmark.data.build INFO: get dataset statistics...
2026-07-12 19:36:17,882 sgg_benchmark.data.build INFO: Loading data statistics from: ./checkpoints/spatial/react_auto/SpatialRobot_statistics.cache
2026-07-12 19:36:17,882 sgg_benchmark.data.build INFO: ----------------------------------------------------------------------------------------------------
2026-07-12 19:36:17,886 sgg_benchmark INFO: Dynamically loaded 213 seen triplets from training statistics for zero-shot evaluation.
2026-07-12 19:36:19,938 sgg_benchmark INFO: 
====================================================================================================
Detection evaluation mAp=0.6990
====================================================================================================
SGG eval:     R @ 20: 0.0422;     R @ 50: 0.0946;     R @ 100: 0.1627;  for mode=sgdet.
SGG eval:    mR @ 20: 0.1359;    mR @ 50: 0.1891;    mR @ 100: 0.2417;  for mode=sgdet.
----------------------- Details ------------------------
(on:0.4375) (under:0.4697) (to the left of:0.1323) (to the right of:0.0685) (in front of:0.3005) (behind:0.2421) (near:0.0410) 
--------------------------------------------------------
SGG eval:     zR @ 20: 0.0000;     zR @ 50: 0.0000;     zR @ 100: 0.0000;  for mode=sgdet.
SGG eval:     F1 @ 20: 0.0644;     F1 @ 50: 0.1261;     F1 @ 100: 0.1945;  for mode=sgdet.
====================================================================================================

2026-07-12 19:36:19,940 sgg_benchmark INFO: Average validation Result for mR: 0.1889
2026-07-12 19:36:19,944 sgg_benchmark.utils.checkpoint INFO: Saving checkpoint to ./checkpoints/spatial/react_auto/best_model_epoch_5.pth
2026-07-12 19:36:20,280 sgg_benchmark INFO: New best model saved at iteration 5
2026-07-12 19:36:20,280 sgg_benchmark INFO: Now best epoch in mR@k is : 5, with value is 0.18887723370381893
2026-07-12 19:36:20,282 sgg_benchmark INFO: Detached logging enabled (interval=200)
2026-07-12 19:36:21,675 sgg_benchmark INFO: Epoch 6 [1/62] | loss=0.3690 | loss: [ rel=0.332 | l21=0.033 | dist=0.003 | dis=0.000 ] | lr=9.20e-05 | elapsed=0:00:01 | ETA=0:01:24
2026-07-12 19:37:16,444 sgg_benchmark INFO: Epoch 6 training time: 56.16 s
2026-07-12 19:37:16,444 sgg_benchmark INFO: Start validating
2026-07-12 19:37:16,445 sgg_benchmark INFO: Start evaluation on  dataset(100 images).
2026-07-12 19:37:20,437 sgg_benchmark INFO: Total run time: 0:00:03 (36.4353577041626 ms / img per device, on 1 devices)
2026-07-12 19:37:20,437 sgg_benchmark INFO: Average latency per image: 36.4353577041626ms
2026-07-12 19:37:20,437 sgg_benchmark INFO: Standard deviation of latency: 3.08189478303133ms
2026-07-12 19:37:20,441 sgg_benchmark.data.build INFO: ----------------------------------------------------------------------------------------------------
2026-07-12 19:37:20,441 sgg_benchmark.data.build INFO: get dataset statistics...
2026-07-12 19:37:20,441 sgg_benchmark.data.build INFO: Loading data statistics from: ./checkpoints/spatial/react_auto/SpatialRobot_statistics.cache
2026-07-12 19:37:20,441 sgg_benchmark.data.build INFO: ----------------------------------------------------------------------------------------------------
2026-07-12 19:37:20,445 sgg_benchmark INFO: Dynamically loaded 213 seen triplets from training statistics for zero-shot evaluation.
2026-07-12 19:37:22,560 sgg_benchmark INFO: 
====================================================================================================
Detection evaluation mAp=0.6990
====================================================================================================
SGG eval:     R @ 20: 0.0437;     R @ 50: 0.1090;     R @ 100: 0.1823;  for mode=sgdet.
SGG eval:    mR @ 20: 0.1324;    mR @ 50: 0.1937;    mR @ 100: 0.2631;  for mode=sgdet.
----------------------- Details ------------------------
(on:0.4559) (under:0.5000) (to the left of:0.1631) (to the right of:0.1266) (in front of:0.2395) (behind:0.3164) (near:0.0399) 
--------------------------------------------------------
SGG eval:     zR @ 20: 0.0000;     zR @ 50: 0.0000;     zR @ 100: 0.0000;  for mode=sgdet.
SGG eval:     F1 @ 20: 0.0657;     F1 @ 50: 0.1395;     F1 @ 100: 0.2153;  for mode=sgdet.
====================================================================================================

2026-07-12 19:37:22,561 sgg_benchmark INFO: Average validation Result for mR: 0.1964
2026-07-12 19:37:22,565 sgg_benchmark.utils.checkpoint INFO: Saving checkpoint to ./checkpoints/spatial/react_auto/best_model_epoch_6.pth
2026-07-12 19:37:22,983 sgg_benchmark INFO: New best model saved at iteration 6
2026-07-12 19:37:22,984 sgg_benchmark INFO: Now best epoch in mR@k is : 6, with value is 0.19636537775468468
2026-07-12 19:37:22,986 sgg_benchmark INFO: Detached logging enabled (interval=200)
2026-07-12 19:37:24,419 sgg_benchmark INFO: Epoch 7 [1/62] | loss=0.3504 | loss: [ rel=0.314 | l21=0.033 | dist=0.003 | dis=0.000 ] | lr=8.78e-05 | elapsed=0:00:01 | ETA=0:01:27
2026-07-12 19:38:19,644 sgg_benchmark INFO: Epoch 7 training time: 56.66 s
2026-07-12 19:38:19,644 sgg_benchmark INFO: Start validating
2026-07-12 19:38:19,645 sgg_benchmark INFO: Start evaluation on  dataset(100 images).
2026-07-12 19:38:23,603 sgg_benchmark INFO: Total run time: 0:00:03 (36.260319786071776 ms / img per device, on 1 devices)
2026-07-12 19:38:23,603 sgg_benchmark INFO: Average latency per image: 36.260319786071776ms
2026-07-12 19:38:23,604 sgg_benchmark INFO: Standard deviation of latency: 2.6659496112386445ms
2026-07-12 19:38:23,607 sgg_benchmark.data.build INFO: ----------------------------------------------------------------------------------------------------
2026-07-12 19:38:23,607 sgg_benchmark.data.build INFO: get dataset statistics...
2026-07-12 19:38:23,607 sgg_benchmark.data.build INFO: Loading data statistics from: ./checkpoints/spatial/react_auto/SpatialRobot_statistics.cache
2026-07-12 19:38:23,607 sgg_benchmark.data.build INFO: ----------------------------------------------------------------------------------------------------
2026-07-12 19:38:23,611 sgg_benchmark INFO: Dynamically loaded 213 seen triplets from training statistics for zero-shot evaluation.
2026-07-12 19:38:25,802 sgg_benchmark INFO: 
====================================================================================================
Detection evaluation mAp=0.6990
====================================================================================================
SGG eval:     R @ 20: 0.0439;     R @ 50: 0.1060;     R @ 100: 0.1836;  for mode=sgdet.
SGG eval:    mR @ 20: 0.1368;    mR @ 50: 0.1895;    mR @ 100: 0.2552;  for mode=sgdet.
----------------------- Details ------------------------
(on:0.4143) (under:0.4853) (to the left of:0.1594) (to the right of:0.1212) (in front of:0.2460) (behind:0.2705) (near:0.0897) 
--------------------------------------------------------
SGG eval:     zR @ 20: 0.0000;     zR @ 50: 0.0000;     zR @ 100: 0.0000;  for mode=sgdet.
SGG eval:     F1 @ 20: 0.0665;     F1 @ 50: 0.1359;     F1 @ 100: 0.2135;  for mode=sgdet.
====================================================================================================

2026-07-12 19:38:25,804 sgg_benchmark INFO: Average validation Result for mR: 0.1938
2026-07-12 19:38:25,804 sgg_benchmark INFO: Now best epoch in mR@k is : 6, with value is 0.19636537775468468
2026-07-12 19:38:25,807 sgg_benchmark INFO: Detached logging enabled (interval=200)
2026-07-12 19:38:27,217 sgg_benchmark INFO: Epoch 8 [1/62] | loss=0.3753 | loss: [ rel=0.338 | l21=0.033 | dist=0.004 | dis=0.000 ] | lr=8.29e-05 | elapsed=0:00:01 | ETA=0:01:26
2026-07-12 19:39:22,129 sgg_benchmark INFO: Epoch 8 training time: 56.32 s
2026-07-12 19:39:22,129 sgg_benchmark INFO: Start validating
2026-07-12 19:39:22,130 sgg_benchmark INFO: Start evaluation on  dataset(100 images).
2026-07-12 19:39:26,054 sgg_benchmark INFO: Total run time: 0:00:03 (36.15232746124268 ms / img per device, on 1 devices)
2026-07-12 19:39:26,055 sgg_benchmark INFO: Average latency per image: 36.15232746124268ms
2026-07-12 19:39:26,055 sgg_benchmark INFO: Standard deviation of latency: 2.9032906631913544ms
2026-07-12 19:39:26,058 sgg_benchmark.data.build INFO: ----------------------------------------------------------------------------------------------------
2026-07-12 19:39:26,058 sgg_benchmark.data.build INFO: get dataset statistics...
2026-07-12 19:39:26,058 sgg_benchmark.data.build INFO: Loading data statistics from: ./checkpoints/spatial/react_auto/SpatialRobot_statistics.cache
2026-07-12 19:39:26,058 sgg_benchmark.data.build INFO: ----------------------------------------------------------------------------------------------------
2026-07-12 19:39:26,062 sgg_benchmark INFO: Dynamically loaded 213 seen triplets from training statistics for zero-shot evaluation.
2026-07-12 19:39:28,185 sgg_benchmark INFO: 
====================================================================================================
Detection evaluation mAp=0.6990
====================================================================================================
SGG eval:     R @ 20: 0.0471;     R @ 50: 0.0990;     R @ 100: 0.1839;  for mode=sgdet.
SGG eval:    mR @ 20: 0.1383;    mR @ 50: 0.1914;    mR @ 100: 0.2661;  for mode=sgdet.
----------------------- Details ------------------------
(on:0.4853) (under:0.4844) (to the left of:0.1357) (to the right of:0.1394) (in front of:0.2719) (behind:0.2693) (near:0.0767) 
--------------------------------------------------------
SGG eval:     zR @ 20: 0.0000;     zR @ 50: 0.0000;     zR @ 100: 0.0000;  for mode=sgdet.
SGG eval:     F1 @ 20: 0.0703;     F1 @ 50: 0.1305;     F1 @ 100: 0.2175;  for mode=sgdet.
====================================================================================================

2026-07-12 19:39:28,187 sgg_benchmark INFO: Average validation Result for mR: 0.1986
2026-07-12 19:39:28,190 sgg_benchmark.utils.checkpoint INFO: Saving checkpoint to ./checkpoints/spatial/react_auto/best_model_epoch_8.pth
2026-07-12 19:39:28,591 sgg_benchmark INFO: New best model saved at iteration 8
2026-07-12 19:39:28,592 sgg_benchmark INFO: Now best epoch in mR@k is : 8, with value is 0.19858030443509342
2026-07-12 19:39:28,594 sgg_benchmark INFO: Detached logging enabled (interval=200)
2026-07-12 19:39:29,805 sgg_benchmark INFO: Epoch 9 [1/62] | loss=0.3486 | loss: [ rel=0.313 | l21=0.033 | dist=0.003 | dis=0.000 ] | lr=7.72e-05 | elapsed=0:00:01 | ETA=0:01:13
2026-07-12 19:40:24,773 sgg_benchmark INFO: Epoch 9 training time: 56.18 s
2026-07-12 19:40:24,774 sgg_benchmark INFO: Start validating
2026-07-12 19:40:24,774 sgg_benchmark INFO: Start evaluation on  dataset(100 images).
2026-07-12 19:40:28,697 sgg_benchmark INFO: Total run time: 0:00:03 (36.07021766662598 ms / img per device, on 1 devices)
2026-07-12 19:40:28,697 sgg_benchmark INFO: Average latency per image: 36.07021766662598ms
2026-07-12 19:40:28,697 sgg_benchmark INFO: Standard deviation of latency: 2.5131608086200923ms
2026-07-12 19:40:28,701 sgg_benchmark.data.build INFO: ----------------------------------------------------------------------------------------------------
2026-07-12 19:40:28,701 sgg_benchmark.data.build INFO: get dataset statistics...
2026-07-12 19:40:28,701 sgg_benchmark.data.build INFO: Loading data statistics from: ./checkpoints/spatial/react_auto/SpatialRobot_statistics.cache
2026-07-12 19:40:28,701 sgg_benchmark.data.build INFO: ----------------------------------------------------------------------------------------------------
2026-07-12 19:40:28,706 sgg_benchmark INFO: Dynamically loaded 213 seen triplets from training statistics for zero-shot evaluation.
2026-07-12 19:40:30,852 sgg_benchmark INFO: 
====================================================================================================
Detection evaluation mAp=0.6990
====================================================================================================
SGG eval:     R @ 20: 0.0471;     R @ 50: 0.1037;     R @ 100: 0.1861;  for mode=sgdet.
SGG eval:    mR @ 20: 0.1411;    mR @ 50: 0.1993;    mR @ 100: 0.2656;  for mode=sgdet.
----------------------- Details ------------------------
(on:0.4844) (under:0.4853) (to the left of:0.2062) (to the right of:0.1954) (in front of:0.1786) (behind:0.2731) (near:0.0364) 
--------------------------------------------------------
SGG eval:     zR @ 20: 0.0000;     zR @ 50: 0.0000;     zR @ 100: 0.0000;  for mode=sgdet.
SGG eval:     F1 @ 20: 0.0706;     F1 @ 50: 0.1364;     F1 @ 100: 0.2188;  for mode=sgdet.
====================================================================================================

2026-07-12 19:40:30,853 sgg_benchmark INFO: Average validation Result for mR: 0.2020
2026-07-12 19:40:30,857 sgg_benchmark.utils.checkpoint INFO: Saving checkpoint to ./checkpoints/spatial/react_auto/best_model_epoch_9.pth
2026-07-12 19:40:31,186 sgg_benchmark INFO: New best model saved at iteration 9
2026-07-12 19:40:31,187 sgg_benchmark INFO: Now best epoch in mR@k is : 9, with value is 0.20198573676949247
2026-07-12 19:40:31,189 sgg_benchmark INFO: Detached logging enabled (interval=200)
2026-07-12 19:40:32,732 sgg_benchmark INFO: Epoch 10 [1/62] | loss=0.3570 | loss: [ rel=0.321 | l21=0.033 | dist=0.003 | dis=0.000 ] | lr=7.11e-05 | elapsed=0:00:01 | ETA=0:01:34
2026-07-12 19:41:27,349 sgg_benchmark INFO: Epoch 10 training time: 56.16 s
2026-07-12 19:41:27,349 sgg_benchmark INFO: Start validating
2026-07-12 19:41:27,349 sgg_benchmark INFO: Start evaluation on  dataset(100 images).
2026-07-12 19:41:31,283 sgg_benchmark INFO: Total run time: 0:00:03 (36.12386253356934 ms / img per device, on 1 devices)
2026-07-12 19:41:31,284 sgg_benchmark INFO: Average latency per image: 36.12386253356934ms
2026-07-12 19:41:31,284 sgg_benchmark INFO: Standard deviation of latency: 2.763929656511083ms
2026-07-12 19:41:31,287 sgg_benchmark.data.build INFO: ----------------------------------------------------------------------------------------------------
2026-07-12 19:41:31,287 sgg_benchmark.data.build INFO: get dataset statistics...
2026-07-12 19:41:31,287 sgg_benchmark.data.build INFO: Loading data statistics from: ./checkpoints/spatial/react_auto/SpatialRobot_statistics.cache
2026-07-12 19:41:31,288 sgg_benchmark.data.build INFO: ----------------------------------------------------------------------------------------------------
2026-07-12 19:41:31,292 sgg_benchmark INFO: Dynamically loaded 213 seen triplets from training statistics for zero-shot evaluation.
2026-07-12 19:41:33,514 sgg_benchmark INFO: 
====================================================================================================
Detection evaluation mAp=0.6990
====================================================================================================
SGG eval:     R @ 20: 0.0451;     R @ 50: 0.1067;     R @ 100: 0.1888;  for mode=sgdet.
SGG eval:    mR @ 20: 0.1394;    mR @ 50: 0.1988;    mR @ 100: 0.2621;  for mode=sgdet.
----------------------- Details ------------------------
(on:0.4531) (under:0.4697) (to the left of:0.2010) (to the right of:0.1201) (in front of:0.2548) (behind:0.2874) (near:0.0486) 
--------------------------------------------------------
SGG eval:     zR @ 20: 0.0000;     zR @ 50: 0.0000;     zR @ 100: 0.0000;  for mode=sgdet.
SGG eval:     F1 @ 20: 0.0681;     F1 @ 50: 0.1389;     F1 @ 100: 0.2195;  for mode=sgdet.
====================================================================================================

2026-07-12 19:41:33,516 sgg_benchmark INFO: Average validation Result for mR: 0.2001
2026-07-12 19:41:33,517 sgg_benchmark INFO: Now best epoch in mR@k is : 9, with value is 0.20198573676949247
2026-07-12 19:41:33,520 sgg_benchmark INFO: Detached logging enabled (interval=200)
2026-07-12 19:41:34,986 sgg_benchmark INFO: Epoch 11 [1/62] | loss=0.3387 | loss: [ rel=0.304 | l21=0.032 | dist=0.003 | dis=0.000 ] | lr=6.45e-05 | elapsed=0:00:01 | ETA=0:01:29
2026-07-12 19:42:29,818 sgg_benchmark INFO: Epoch 11 training time: 56.30 s
2026-07-12 19:42:29,818 sgg_benchmark INFO: Start validating
2026-07-12 19:42:29,819 sgg_benchmark INFO: Start evaluation on  dataset(100 images).
2026-07-12 19:42:33,738 sgg_benchmark INFO: Total run time: 0:00:03 (35.98148330688477 ms / img per device, on 1 devices)
2026-07-12 19:42:33,738 sgg_benchmark INFO: Average latency per image: 35.98148330688477ms
2026-07-12 19:42:33,739 sgg_benchmark INFO: Standard deviation of latency: 2.288557255441188ms
2026-07-12 19:42:33,744 sgg_benchmark.data.build INFO: ----------------------------------------------------------------------------------------------------
2026-07-12 19:42:33,744 sgg_benchmark.data.build INFO: get dataset statistics...
2026-07-12 19:42:33,744 sgg_benchmark.data.build INFO: Loading data statistics from: ./checkpoints/spatial/react_auto/SpatialRobot_statistics.cache
2026-07-12 19:42:33,744 sgg_benchmark.data.build INFO: ----------------------------------------------------------------------------------------------------
2026-07-12 19:42:33,748 sgg_benchmark INFO: Dynamically loaded 213 seen triplets from training statistics for zero-shot evaluation.
2026-07-12 19:42:35,829 sgg_benchmark INFO: 
====================================================================================================
Detection evaluation mAp=0.6990
====================================================================================================
SGG eval:     R @ 20: 0.0461;     R @ 50: 0.1038;     R @ 100: 0.1952;  for mode=sgdet.
SGG eval:    mR @ 20: 0.1148;    mR @ 50: 0.1803;    mR @ 100: 0.2617;  for mode=sgdet.
----------------------- Details ------------------------
(on:0.4394) (under:0.4559) (to the left of:0.1204) (to the right of:0.1058) (in front of:0.2784) (behind:0.3953) (near:0.0365) 
--------------------------------------------------------
SGG eval:     zR @ 20: 0.0000;     zR @ 50: 0.0000;     zR @ 100: 0.0000;  for mode=sgdet.
SGG eval:     F1 @ 20: 0.0658;     F1 @ 50: 0.1318;     F1 @ 100: 0.2236;  for mode=sgdet.
====================================================================================================

2026-07-12 19:42:35,831 sgg_benchmark INFO: Average validation Result for mR: 0.1856
2026-07-12 19:42:35,831 sgg_benchmark INFO: Now best epoch in mR@k is : 9, with value is 0.20198573676949247
2026-07-12 19:42:35,834 sgg_benchmark INFO: Detached logging enabled (interval=200)
2026-07-12 19:42:37,129 sgg_benchmark INFO: Epoch 12 [1/62] | loss=0.3185 | loss: [ rel=0.283 | l21=0.032 | dist=0.003 | dis=0.000 ] | lr=5.77e-05 | elapsed=0:00:01 | ETA=0:01:18
2026-07-12 19:43:31,710 sgg_benchmark INFO: Epoch 12 training time: 55.88 s
2026-07-12 19:43:31,711 sgg_benchmark INFO: Start validating
2026-07-12 19:43:31,711 sgg_benchmark INFO: Start evaluation on  dataset(100 images).
2026-07-12 19:43:35,680 sgg_benchmark INFO: Total run time: 0:00:03 (36.3895299911499 ms / img per device, on 1 devices)
2026-07-12 19:43:35,680 sgg_benchmark INFO: Average latency per image: 36.3895299911499ms
2026-07-12 19:43:35,680 sgg_benchmark INFO: Standard deviation of latency: 2.6894475339784307ms
2026-07-12 19:43:35,684 sgg_benchmark.data.build INFO: ----------------------------------------------------------------------------------------------------
2026-07-12 19:43:35,684 sgg_benchmark.data.build INFO: get dataset statistics...
2026-07-12 19:43:35,684 sgg_benchmark.data.build INFO: Loading data statistics from: ./checkpoints/spatial/react_auto/SpatialRobot_statistics.cache
2026-07-12 19:43:35,684 sgg_benchmark.data.build INFO: ----------------------------------------------------------------------------------------------------
2026-07-12 19:43:35,687 sgg_benchmark INFO: Dynamically loaded 213 seen triplets from training statistics for zero-shot evaluation.
2026-07-12 19:43:37,945 sgg_benchmark INFO: 
====================================================================================================
Detection evaluation mAp=0.6990
====================================================================================================
SGG eval:     R @ 20: 0.0424;     R @ 50: 0.1019;     R @ 100: 0.1849;  for mode=sgdet.
SGG eval:    mR @ 20: 0.1441;    mR @ 50: 0.2032;    mR @ 100: 0.2671;  for mode=sgdet.
----------------------- Details ------------------------
(on:0.4861) (under:0.4844) (to the left of:0.1515) (to the right of:0.2169) (in front of:0.1975) (behind:0.2480) (near:0.0855) 
--------------------------------------------------------
SGG eval:     zR @ 20: 0.0000;     zR @ 50: 0.0000;     zR @ 100: 0.0000;  for mode=sgdet.
SGG eval:     F1 @ 20: 0.0655;     F1 @ 50: 0.1358;     F1 @ 100: 0.2185;  for mode=sgdet.
====================================================================================================

2026-07-12 19:43:37,947 sgg_benchmark INFO: Average validation Result for mR: 0.2048
2026-07-12 19:43:37,950 sgg_benchmark.utils.checkpoint INFO: Saving checkpoint to ./checkpoints/spatial/react_auto/best_model_epoch_12.pth
2026-07-12 19:43:38,284 sgg_benchmark INFO: New best model saved at iteration 12
2026-07-12 19:43:38,285 sgg_benchmark INFO: Now best epoch in mR@k is : 12, with value is 0.20479568867289374
2026-07-12 19:43:38,287 sgg_benchmark INFO: Detached logging enabled (interval=200)
2026-07-12 19:43:39,765 sgg_benchmark INFO: Epoch 13 [1/62] | loss=0.3261 | loss: [ rel=0.291 | l21=0.032 | dist=0.003 | dis=0.000 ] | lr=5.07e-05 | elapsed=0:00:01 | ETA=0:01:30
2026-07-12 19:44:34,370 sgg_benchmark INFO: Epoch 13 training time: 56.08 s
2026-07-12 19:44:34,370 sgg_benchmark INFO: Start validating
2026-07-12 19:44:34,371 sgg_benchmark INFO: Start evaluation on  dataset(100 images).
2026-07-12 19:44:38,308 sgg_benchmark INFO: Total run time: 0:00:03 (36.1035538482666 ms / img per device, on 1 devices)
2026-07-12 19:44:38,308 sgg_benchmark INFO: Average latency per image: 36.1035538482666ms
2026-07-12 19:44:38,309 sgg_benchmark INFO: Standard deviation of latency: 2.4785859318466112ms
2026-07-12 19:44:38,312 sgg_benchmark.data.build INFO: ----------------------------------------------------------------------------------------------------
2026-07-12 19:44:38,312 sgg_benchmark.data.build INFO: get dataset statistics...
2026-07-12 19:44:38,312 sgg_benchmark.data.build INFO: Loading data statistics from: ./checkpoints/spatial/react_auto/SpatialRobot_statistics.cache
2026-07-12 19:44:38,312 sgg_benchmark.data.build INFO: ----------------------------------------------------------------------------------------------------
2026-07-12 19:44:38,316 sgg_benchmark INFO: Dynamically loaded 213 seen triplets from training statistics for zero-shot evaluation.
2026-07-12 19:44:40,489 sgg_benchmark INFO: 
====================================================================================================
Detection evaluation mAp=0.6990
====================================================================================================
SGG eval:     R @ 20: 0.0483;     R @ 50: 0.1037;     R @ 100: 0.1957;  for mode=sgdet.
SGG eval:    mR @ 20: 0.1474;    mR @ 50: 0.2060;    mR @ 100: 0.2776;  for mode=sgdet.
----------------------- Details ------------------------
(on:0.4853) (under:0.5000) (to the left of:0.1840) (to the right of:0.1701) (in front of:0.2342) (behind:0.2954) (near:0.0741) 
--------------------------------------------------------
SGG eval:     zR @ 20: 0.0000;     zR @ 50: 0.0000;     zR @ 100: 0.0000;  for mode=sgdet.
SGG eval:     F1 @ 20: 0.0728;     F1 @ 50: 0.1380;     F1 @ 100: 0.2295;  for mode=sgdet.
====================================================================================================

2026-07-12 19:44:40,491 sgg_benchmark INFO: Average validation Result for mR: 0.2103
2026-07-12 19:44:40,495 sgg_benchmark.utils.checkpoint INFO: Saving checkpoint to ./checkpoints/spatial/react_auto/best_model_epoch_13.pth
2026-07-12 19:44:40,825 sgg_benchmark INFO: New best model saved at iteration 13
2026-07-12 19:44:40,826 sgg_benchmark INFO: Now best epoch in mR@k is : 13, with value is 0.21029884147510827
2026-07-12 19:44:40,828 sgg_benchmark INFO: Detached logging enabled (interval=200)
2026-07-12 19:44:42,230 sgg_benchmark INFO: Epoch 14 [1/62] | loss=0.3229 | loss: [ rel=0.288 | l21=0.032 | dist=0.003 | dis=0.000 ] | lr=4.37e-05 | elapsed=0:00:01 | ETA=0:01:25
2026-07-12 19:45:37,018 sgg_benchmark INFO: Epoch 14 training time: 56.19 s
2026-07-12 19:45:37,019 sgg_benchmark INFO: Start validating
2026-07-12 19:45:37,019 sgg_benchmark INFO: Start evaluation on  dataset(100 images).
2026-07-12 19:45:40,961 sgg_benchmark INFO: Total run time: 0:00:03 (36.07087772369385 ms / img per device, on 1 devices)
2026-07-12 19:45:40,961 sgg_benchmark INFO: Average latency per image: 36.07087772369385ms
2026-07-12 19:45:40,962 sgg_benchmark INFO: Standard deviation of latency: 2.444558091513243ms
2026-07-12 19:45:40,965 sgg_benchmark.data.build INFO: ----------------------------------------------------------------------------------------------------
2026-07-12 19:45:40,965 sgg_benchmark.data.build INFO: get dataset statistics...
2026-07-12 19:45:40,965 sgg_benchmark.data.build INFO: Loading data statistics from: ./checkpoints/spatial/react_auto/SpatialRobot_statistics.cache
2026-07-12 19:45:40,965 sgg_benchmark.data.build INFO: ----------------------------------------------------------------------------------------------------
2026-07-12 19:45:40,969 sgg_benchmark INFO: Dynamically loaded 213 seen triplets from training statistics for zero-shot evaluation.
2026-07-12 19:45:43,193 sgg_benchmark INFO: 
====================================================================================================
Detection evaluation mAp=0.6990
====================================================================================================
SGG eval:     R @ 20: 0.0464;     R @ 50: 0.1032;     R @ 100: 0.1928;  for mode=sgdet.
SGG eval:    mR @ 20: 0.1441;    mR @ 50: 0.2020;    mR @ 100: 0.2742;  for mode=sgdet.
----------------------- Details ------------------------
(on:0.4853) (under:0.5000) (to the left of:0.1730) (to the right of:0.1795) (in front of:0.2382) (behind:0.2882) (near:0.0554) 
--------------------------------------------------------
SGG eval:     zR @ 20: 0.0000;     zR @ 50: 0.0000;     zR @ 100: 0.0000;  for mode=sgdet.
SGG eval:     F1 @ 20: 0.0702;     F1 @ 50: 0.1366;     F1 @ 100: 0.2264;  for mode=sgdet.
====================================================================================================

2026-07-12 19:45:43,194 sgg_benchmark INFO: Average validation Result for mR: 0.2068
2026-07-12 19:45:43,195 sgg_benchmark INFO: Now best epoch in mR@k is : 13, with value is 0.21029884147510827
2026-07-12 19:45:43,197 sgg_benchmark INFO: Detached logging enabled (interval=200)
2026-07-12 19:45:44,836 sgg_benchmark INFO: Epoch 15 [1/62] | loss=0.3401 | loss: [ rel=0.305 | l21=0.032 | dist=0.002 | dis=0.000 ] | lr=3.68e-05 | elapsed=0:00:01 | ETA=0:01:39
2026-07-12 19:46:39,187 sgg_benchmark INFO: Epoch 15 training time: 55.99 s
2026-07-12 19:46:39,188 sgg_benchmark INFO: Start validating
2026-07-12 19:46:39,188 sgg_benchmark INFO: Start evaluation on  dataset(100 images).
2026-07-12 19:46:43,120 sgg_benchmark INFO: Total run time: 0:00:03 (36.00078353881836 ms / img per device, on 1 devices)
2026-07-12 19:46:43,120 sgg_benchmark INFO: Average latency per image: 36.00078353881836ms
2026-07-12 19:46:43,120 sgg_benchmark INFO: Standard deviation of latency: 2.658251863634385ms
2026-07-12 19:46:43,125 sgg_benchmark.data.build INFO: ----------------------------------------------------------------------------------------------------
2026-07-12 19:46:43,125 sgg_benchmark.data.build INFO: get dataset statistics...
2026-07-12 19:46:43,125 sgg_benchmark.data.build INFO: Loading data statistics from: ./checkpoints/spatial/react_auto/SpatialRobot_statistics.cache
2026-07-12 19:46:43,125 sgg_benchmark.data.build INFO: ----------------------------------------------------------------------------------------------------
2026-07-12 19:46:43,131 sgg_benchmark INFO: Dynamically loaded 213 seen triplets from training statistics for zero-shot evaluation.
2026-07-12 19:46:45,295 sgg_benchmark INFO: 
====================================================================================================
Detection evaluation mAp=0.6990
====================================================================================================
SGG eval:     R @ 20: 0.0447;     R @ 50: 0.1048;     R @ 100: 0.1945;  for mode=sgdet.
SGG eval:    mR @ 20: 0.1481;    mR @ 50: 0.2072;    mR @ 100: 0.2715;  for mode=sgdet.
----------------------- Details ------------------------
(on:0.4531) (under:0.4844) (to the left of:0.1731) (to the right of:0.1367) (in front of:0.2557) (behind:0.3057) (near:0.0917) 
--------------------------------------------------------
SGG eval:     zR @ 20: 0.0000;     zR @ 50: 0.0000;     zR @ 100: 0.0000;  for mode=sgdet.
SGG eval:     F1 @ 20: 0.0687;     F1 @ 50: 0.1392;     F1 @ 100: 0.2266;  for mode=sgdet.
====================================================================================================

2026-07-12 19:46:45,297 sgg_benchmark INFO: Average validation Result for mR: 0.2089
2026-07-12 19:46:45,298 sgg_benchmark INFO: Now best epoch in mR@k is : 13, with value is 0.21029884147510827
2026-07-12 19:46:45,300 sgg_benchmark INFO: Detached logging enabled (interval=200)
2026-07-12 19:46:46,582 sgg_benchmark INFO: Epoch 16 [1/62] | loss=0.3308 | loss: [ rel=0.296 | l21=0.032 | dist=0.002 | dis=0.000 ] | lr=3.02e-05 | elapsed=0:00:01 | ETA=0:01:18
2026-07-12 19:47:41,224 sgg_benchmark INFO: Epoch 16 training time: 55.92 s
2026-07-12 19:47:41,225 sgg_benchmark INFO: Start validating
2026-07-12 19:47:41,225 sgg_benchmark INFO: Start evaluation on  dataset(100 images).
2026-07-12 19:47:45,179 sgg_benchmark INFO: Total run time: 0:00:03 (36.16154533386231 ms / img per device, on 1 devices)
2026-07-12 19:47:45,180 sgg_benchmark INFO: Average latency per image: 36.16154533386231ms
2026-07-12 19:47:45,180 sgg_benchmark INFO: Standard deviation of latency: 2.6938290750952674ms
2026-07-12 19:47:45,183 sgg_benchmark.data.build INFO: ----------------------------------------------------------------------------------------------------
2026-07-12 19:47:45,183 sgg_benchmark.data.build INFO: get dataset statistics...
2026-07-12 19:47:45,183 sgg_benchmark.data.build INFO: Loading data statistics from: ./checkpoints/spatial/react_auto/SpatialRobot_statistics.cache
2026-07-12 19:47:45,183 sgg_benchmark.data.build INFO: ----------------------------------------------------------------------------------------------------
2026-07-12 19:47:45,187 sgg_benchmark INFO: Dynamically loaded 213 seen triplets from training statistics for zero-shot evaluation.
2026-07-12 19:47:47,341 sgg_benchmark INFO: 
====================================================================================================
Detection evaluation mAp=0.6990
====================================================================================================
SGG eval:     R @ 20: 0.0465;     R @ 50: 0.1030;     R @ 100: 0.1920;  for mode=sgdet.
SGG eval:    mR @ 20: 0.1376;    mR @ 50: 0.1932;    mR @ 100: 0.2642;  for mode=sgdet.
----------------------- Details ------------------------
(on:0.4394) (under:0.4853) (to the left of:0.1594) (to the right of:0.1236) (in front of:0.2487) (behind:0.2829) (near:0.1106) 
--------------------------------------------------------
SGG eval:     zR @ 20: 0.0000;     zR @ 50: 0.0000;     zR @ 100: 0.0000;  for mode=sgdet.
SGG eval:     F1 @ 20: 0.0695;     F1 @ 50: 0.1344;     F1 @ 100: 0.2224;  for mode=sgdet.
====================================================================================================

2026-07-12 19:47:47,342 sgg_benchmark INFO: Average validation Result for mR: 0.1983
2026-07-12 19:47:47,343 sgg_benchmark INFO: Now best epoch in mR@k is : 13, with value is 0.21029884147510827
2026-07-12 19:47:47,345 sgg_benchmark INFO: Detached logging enabled (interval=200)
2026-07-12 19:47:48,650 sgg_benchmark INFO: Epoch 17 [1/62] | loss=0.3036 | loss: [ rel=0.269 | l21=0.032 | dist=0.002 | dis=0.000 ] | lr=2.40e-05 | elapsed=0:00:01 | ETA=0:01:19
2026-07-12 19:48:43,330 sgg_benchmark INFO: Epoch 17 training time: 55.99 s
2026-07-12 19:48:43,331 sgg_benchmark INFO: Start validating
2026-07-12 19:48:43,331 sgg_benchmark INFO: Start evaluation on  dataset(100 images).
2026-07-12 19:48:47,231 sgg_benchmark INFO: Total run time: 0:00:03 (35.90782405853272 ms / img per device, on 1 devices)
2026-07-12 19:48:47,232 sgg_benchmark INFO: Average latency per image: 35.90782405853272ms
2026-07-12 19:48:47,232 sgg_benchmark INFO: Standard deviation of latency: 2.583569238468905ms
2026-07-12 19:48:47,235 sgg_benchmark.data.build INFO: ----------------------------------------------------------------------------------------------------
2026-07-12 19:48:47,235 sgg_benchmark.data.build INFO: get dataset statistics...
2026-07-12 19:48:47,235 sgg_benchmark.data.build INFO: Loading data statistics from: ./checkpoints/spatial/react_auto/SpatialRobot_statistics.cache
2026-07-12 19:48:47,236 sgg_benchmark.data.build INFO: ----------------------------------------------------------------------------------------------------
2026-07-12 19:48:47,240 sgg_benchmark INFO: Dynamically loaded 213 seen triplets from training statistics for zero-shot evaluation.
2026-07-12 19:48:49,352 sgg_benchmark INFO: 
====================================================================================================
Detection evaluation mAp=0.6990
====================================================================================================
SGG eval:     R @ 20: 0.0418;     R @ 50: 0.1012;     R @ 100: 0.1920;  for mode=sgdet.
SGG eval:    mR @ 20: 0.1362;    mR @ 50: 0.1946;    mR @ 100: 0.2677;  for mode=sgdet.
----------------------- Details ------------------------
(on:0.4697) (under:0.4853) (to the left of:0.1742) (to the right of:0.1330) (in front of:0.2403) (behind:0.3034) (near:0.0682) 
--------------------------------------------------------
SGG eval:     zR @ 20: 0.0000;     zR @ 50: 0.0000;     zR @ 100: 0.0000;  for mode=sgdet.
SGG eval:     F1 @ 20: 0.0640;     F1 @ 50: 0.1332;     F1 @ 100: 0.2237;  for mode=sgdet.
====================================================================================================

2026-07-12 19:48:49,353 sgg_benchmark INFO: Average validation Result for mR: 0.1995
2026-07-12 19:48:49,354 sgg_benchmark INFO: Now best epoch in mR@k is : 13, with value is 0.21029884147510827
2026-07-12 19:48:49,356 sgg_benchmark INFO: Detached logging enabled (interval=200)
2026-07-12 19:48:50,887 sgg_benchmark INFO: Epoch 18 [1/62] | loss=0.3086 | loss: [ rel=0.274 | l21=0.032 | dist=0.002 | dis=0.000 ] | lr=1.83e-05 | elapsed=0:00:01 | ETA=0:01:33
2026-07-12 19:49:44,881 sgg_benchmark INFO: Epoch 18 training time: 55.52 s
2026-07-12 19:49:44,881 sgg_benchmark INFO: Start validating
2026-07-12 19:49:44,881 sgg_benchmark INFO: Start evaluation on  dataset(100 images).
2026-07-12 19:49:48,787 sgg_benchmark INFO: Total run time: 0:00:03 (35.8625537109375 ms / img per device, on 1 devices)
2026-07-12 19:49:48,788 sgg_benchmark INFO: Average latency per image: 35.8625537109375ms
2026-07-12 19:49:48,788 sgg_benchmark INFO: Standard deviation of latency: 2.5458821947417416ms
2026-07-12 19:49:48,791 sgg_benchmark.data.build INFO: ----------------------------------------------------------------------------------------------------
2026-07-12 19:49:48,791 sgg_benchmark.data.build INFO: get dataset statistics...
2026-07-12 19:49:48,791 sgg_benchmark.data.build INFO: Loading data statistics from: ./checkpoints/spatial/react_auto/SpatialRobot_statistics.cache
2026-07-12 19:49:48,791 sgg_benchmark.data.build INFO: ----------------------------------------------------------------------------------------------------
2026-07-12 19:49:48,795 sgg_benchmark INFO: Dynamically loaded 213 seen triplets from training statistics for zero-shot evaluation.
2026-07-12 19:49:50,868 sgg_benchmark INFO: 
====================================================================================================
Detection evaluation mAp=0.6990
====================================================================================================
SGG eval:     R @ 20: 0.0431;     R @ 50: 0.1058;     R @ 100: 0.1967;  for mode=sgdet.
SGG eval:    mR @ 20: 0.1470;    mR @ 50: 0.2060;    mR @ 100: 0.2791;  for mode=sgdet.
----------------------- Details ------------------------
(on:0.5000) (under:0.5147) (to the left of:0.1824) (to the right of:0.1393) (in front of:0.2706) (behind:0.2962) (near:0.0505) 
--------------------------------------------------------
SGG eval:     zR @ 20: 0.0000;     zR @ 50: 0.0000;     zR @ 100: 0.0000;  for mode=sgdet.
SGG eval:     F1 @ 20: 0.0667;     F1 @ 50: 0.1398;     F1 @ 100: 0.2308;  for mode=sgdet.
====================================================================================================

2026-07-12 19:49:50,870 sgg_benchmark INFO: Average validation Result for mR: 0.2107
2026-07-12 19:49:50,874 sgg_benchmark.utils.checkpoint INFO: Saving checkpoint to ./checkpoints/spatial/react_auto/best_model_epoch_18.pth
2026-07-12 19:49:51,197 sgg_benchmark INFO: New best model saved at iteration 18
2026-07-12 19:49:51,197 sgg_benchmark INFO: Now best epoch in mR@k is : 18, with value is 0.21071732072978425
2026-07-12 19:49:51,199 sgg_benchmark INFO: Detached logging enabled (interval=200)
2026-07-12 19:49:52,771 sgg_benchmark INFO: Epoch 19 [1/62] | loss=0.3000 | loss: [ rel=0.265 | l21=0.032 | dist=0.002 | dis=0.000 ] | lr=1.33e-05 | elapsed=0:00:01 | ETA=0:01:35
2026-07-12 19:50:46,715 sgg_benchmark INFO: Epoch 19 training time: 55.52 s
2026-07-12 19:50:46,715 sgg_benchmark INFO: Start validating
2026-07-12 19:50:46,716 sgg_benchmark INFO: Start evaluation on  dataset(100 images).
2026-07-12 19:50:50,623 sgg_benchmark INFO: Total run time: 0:00:03 (35.78955368041992 ms / img per device, on 1 devices)
2026-07-12 19:50:50,623 sgg_benchmark INFO: Average latency per image: 35.78955368041992ms
2026-07-12 19:50:50,623 sgg_benchmark INFO: Standard deviation of latency: 2.3441030640433533ms
2026-07-12 19:50:50,627 sgg_benchmark.data.build INFO: ----------------------------------------------------------------------------------------------------
2026-07-12 19:50:50,627 sgg_benchmark.data.build INFO: get dataset statistics...
2026-07-12 19:50:50,627 sgg_benchmark.data.build INFO: Loading data statistics from: ./checkpoints/spatial/react_auto/SpatialRobot_statistics.cache
2026-07-12 19:50:50,627 sgg_benchmark.data.build INFO: ----------------------------------------------------------------------------------------------------
2026-07-12 19:50:50,631 sgg_benchmark INFO: Dynamically loaded 213 seen triplets from training statistics for zero-shot evaluation.
2026-07-12 19:50:52,756 sgg_benchmark INFO: 
====================================================================================================
Detection evaluation mAp=0.6990
====================================================================================================
SGG eval:     R @ 20: 0.0440;     R @ 50: 0.0983;     R @ 100: 0.1861;  for mode=sgdet.
SGG eval:    mR @ 20: 0.1436;    mR @ 50: 0.1934;    mR @ 100: 0.2662;  for mode=sgdet.
----------------------- Details ------------------------
(on:0.4853) (under:0.4844) (to the left of:0.1675) (to the right of:0.1795) (in front of:0.2387) (behind:0.2651) (near:0.0431) 
--------------------------------------------------------
SGG eval:     zR @ 20: 0.0000;     zR @ 50: 0.0000;     zR @ 100: 0.0000;  for mode=sgdet.
SGG eval:     F1 @ 20: 0.0674;     F1 @ 50: 0.1303;     F1 @ 100: 0.2191;  for mode=sgdet.
====================================================================================================

2026-07-12 19:50:52,758 sgg_benchmark INFO: Average validation Result for mR: 0.2010
2026-07-12 19:50:52,758 sgg_benchmark INFO: Now best epoch in mR@k is : 18, with value is 0.21071732072978425
2026-07-12 19:50:52,761 sgg_benchmark INFO: Detached logging enabled (interval=200)
2026-07-12 19:50:53,920 sgg_benchmark INFO: Epoch 20 [1/62] | loss=0.3273 | loss: [ rel=0.293 | l21=0.032 | dist=0.002 | dis=0.000 ] | lr=8.95e-06 | elapsed=0:00:01 | ETA=0:01:10
2026-07-12 19:51:48,240 sgg_benchmark INFO: Epoch 20 training time: 55.48 s
2026-07-12 19:51:48,241 sgg_benchmark INFO: Start validating
2026-07-12 19:51:48,241 sgg_benchmark INFO: Start evaluation on  dataset(100 images).
2026-07-12 19:51:52,141 sgg_benchmark INFO: Total run time: 0:00:03 (35.82091472625732 ms / img per device, on 1 devices)
2026-07-12 19:51:52,141 sgg_benchmark INFO: Average latency per image: 35.82091472625732ms
2026-07-12 19:51:52,141 sgg_benchmark INFO: Standard deviation of latency: 2.474484478320293ms
2026-07-12 19:51:52,145 sgg_benchmark.data.build INFO: ----------------------------------------------------------------------------------------------------
2026-07-12 19:51:52,145 sgg_benchmark.data.build INFO: get dataset statistics...
2026-07-12 19:51:52,145 sgg_benchmark.data.build INFO: Loading data statistics from: ./checkpoints/spatial/react_auto/SpatialRobot_statistics.cache
2026-07-12 19:51:52,145 sgg_benchmark.data.build INFO: ----------------------------------------------------------------------------------------------------
2026-07-12 19:51:52,149 sgg_benchmark INFO: Dynamically loaded 213 seen triplets from training statistics for zero-shot evaluation.
2026-07-12 19:51:54,304 sgg_benchmark INFO: 
====================================================================================================
Detection evaluation mAp=0.6990
====================================================================================================
SGG eval:     R @ 20: 0.0452;     R @ 50: 0.1004;     R @ 100: 0.1853;  for mode=sgdet.
SGG eval:    mR @ 20: 0.1533;    mR @ 50: 0.2011;    mR @ 100: 0.2691;  for mode=sgdet.
----------------------- Details ------------------------
(on:0.4853) (under:0.5147) (to the left of:0.1451) (to the right of:0.1577) (in front of:0.2658) (behind:0.2606) (near:0.0544) 
--------------------------------------------------------
SGG eval:     zR @ 20: 0.0000;     zR @ 50: 0.0000;     zR @ 100: 0.0000;  for mode=sgdet.
SGG eval:     F1 @ 20: 0.0698;     F1 @ 50: 0.1339;     F1 @ 100: 0.2195;  for mode=sgdet.
====================================================================================================

2026-07-12 19:51:54,305 sgg_benchmark INFO: Average validation Result for mR: 0.2078
2026-07-12 19:51:54,306 sgg_benchmark INFO: Now best epoch in mR@k is : 18, with value is 0.21071732072978425
2026-07-12 19:51:54,308 sgg_benchmark INFO: Detached logging enabled (interval=200)
2026-07-12 19:51:55,645 sgg_benchmark INFO: Epoch 21 [1/62] | loss=0.3366 | loss: [ rel=0.302 | l21=0.032 | dist=0.002 | dis=0.000 ] | lr=5.45e-06 | elapsed=0:00:01 | ETA=0:01:21
2026-07-12 19:52:49,969 sgg_benchmark INFO: Epoch 21 training time: 55.66 s
2026-07-12 19:52:49,970 sgg_benchmark INFO: Start validating
2026-07-12 19:52:49,970 sgg_benchmark INFO: Start evaluation on  dataset(100 images).
2026-07-12 19:52:53,870 sgg_benchmark INFO: Total run time: 0:00:03 (35.82984691619873 ms / img per device, on 1 devices)
2026-07-12 19:52:53,870 sgg_benchmark INFO: Average latency per image: 35.82984691619873ms
2026-07-12 19:52:53,870 sgg_benchmark INFO: Standard deviation of latency: 2.5870391320262005ms
2026-07-12 19:52:53,874 sgg_benchmark.data.build INFO: ----------------------------------------------------------------------------------------------------
2026-07-12 19:52:53,874 sgg_benchmark.data.build INFO: get dataset statistics...
2026-07-12 19:52:53,874 sgg_benchmark.data.build INFO: Loading data statistics from: ./checkpoints/spatial/react_auto/SpatialRobot_statistics.cache
2026-07-12 19:52:53,874 sgg_benchmark.data.build INFO: ----------------------------------------------------------------------------------------------------
2026-07-12 19:52:53,877 sgg_benchmark INFO: Dynamically loaded 213 seen triplets from training statistics for zero-shot evaluation.
2026-07-12 19:52:56,040 sgg_benchmark INFO: 
====================================================================================================
Detection evaluation mAp=0.6990
====================================================================================================
SGG eval:     R @ 20: 0.0456;     R @ 50: 0.1030;     R @ 100: 0.1952;  for mode=sgdet.
SGG eval:    mR @ 20: 0.1493;    mR @ 50: 0.1967;    mR @ 100: 0.2701;  for mode=sgdet.
----------------------- Details ------------------------
(on:0.4861) (under:0.4697) (to the left of:0.1719) (to the right of:0.1461) (in front of:0.2365) (behind:0.3122) (near:0.0680) 
--------------------------------------------------------
SGG eval:     zR @ 20: 0.0000;     zR @ 50: 0.0000;     zR @ 100: 0.0000;  for mode=sgdet.
SGG eval:     F1 @ 20: 0.0698;     F1 @ 50: 0.1352;     F1 @ 100: 0.2266;  for mode=sgdet.
====================================================================================================

2026-07-12 19:52:56,041 sgg_benchmark INFO: Average validation Result for mR: 0.2054
2026-07-12 19:52:56,041 sgg_benchmark INFO: Now best epoch in mR@k is : 18, with value is 0.21071732072978425
2026-07-12 19:52:56,044 sgg_benchmark INFO: Detached logging enabled (interval=200)
2026-07-12 19:52:57,297 sgg_benchmark INFO: Epoch 22 [1/62] | loss=0.3137 | loss: [ rel=0.279 | l21=0.032 | dist=0.002 | dis=0.000 ] | lr=2.85e-06 | elapsed=0:00:01 | ETA=0:01:16
2026-07-12 19:53:51,735 sgg_benchmark INFO: Epoch 22 training time: 55.69 s
2026-07-12 19:53:51,735 sgg_benchmark INFO: Start validating
2026-07-12 19:53:51,736 sgg_benchmark INFO: Start evaluation on  dataset(100 images).
2026-07-12 19:53:55,695 sgg_benchmark INFO: Total run time: 0:00:03 (36.14566032409668 ms / img per device, on 1 devices)
2026-07-12 19:53:55,696 sgg_benchmark INFO: Average latency per image: 36.14566032409668ms
2026-07-12 19:53:55,696 sgg_benchmark INFO: Standard deviation of latency: 2.5193547993409484ms
2026-07-12 19:53:55,699 sgg_benchmark.data.build INFO: ----------------------------------------------------------------------------------------------------
2026-07-12 19:53:55,699 sgg_benchmark.data.build INFO: get dataset statistics...
2026-07-12 19:53:55,699 sgg_benchmark.data.build INFO: Loading data statistics from: ./checkpoints/spatial/react_auto/SpatialRobot_statistics.cache
2026-07-12 19:53:55,699 sgg_benchmark.data.build INFO: ----------------------------------------------------------------------------------------------------
2026-07-12 19:53:55,703 sgg_benchmark INFO: Dynamically loaded 213 seen triplets from training statistics for zero-shot evaluation.
2026-07-12 19:53:57,879 sgg_benchmark INFO: 
====================================================================================================
Detection evaluation mAp=0.6990
====================================================================================================
SGG eval:     R @ 20: 0.0453;     R @ 50: 0.1038;     R @ 100: 0.1910;  for mode=sgdet.
SGG eval:    mR @ 20: 0.1453;    mR @ 50: 0.2028;    mR @ 100: 0.2702;  for mode=sgdet.
----------------------- Details ------------------------
(on:0.4531) (under:0.4853) (to the left of:0.1586) (to the right of:0.1627) (in front of:0.2746) (behind:0.2869) (near:0.0699) 
--------------------------------------------------------
SGG eval:     zR @ 20: 0.0000;     zR @ 50: 0.0000;     zR @ 100: 0.0000;  for mode=sgdet.
SGG eval:     F1 @ 20: 0.0690;     F1 @ 50: 0.1373;     F1 @ 100: 0.2238;  for mode=sgdet.
====================================================================================================

2026-07-12 19:53:57,881 sgg_benchmark INFO: Average validation Result for mR: 0.2061
2026-07-12 19:53:57,881 sgg_benchmark INFO: Now best epoch in mR@k is : 18, with value is 0.21071732072978425
2026-07-12 19:53:57,884 sgg_benchmark INFO: Detached logging enabled (interval=200)
2026-07-12 19:53:59,190 sgg_benchmark INFO: Epoch 23 [1/62] | loss=0.3008 | loss: [ rel=0.266 | l21=0.032 | dist=0.003 | dis=0.000 ] | lr=1.20e-06 | elapsed=0:00:01 | ETA=0:01:19
2026-07-12 19:54:53,801 sgg_benchmark INFO: Epoch 23 training time: 55.92 s
2026-07-12 19:54:53,802 sgg_benchmark INFO: Start validating
2026-07-12 19:54:53,802 sgg_benchmark INFO: Start evaluation on  dataset(100 images).
2026-07-12 19:54:57,717 sgg_benchmark INFO: Total run time: 0:00:03 (35.88990837097168 ms / img per device, on 1 devices)
2026-07-12 19:54:57,717 sgg_benchmark INFO: Average latency per image: 35.88990837097168ms
2026-07-12 19:54:57,717 sgg_benchmark INFO: Standard deviation of latency: 2.544078547844033ms
2026-07-12 19:54:57,721 sgg_benchmark.data.build INFO: ----------------------------------------------------------------------------------------------------
2026-07-12 19:54:57,721 sgg_benchmark.data.build INFO: get dataset statistics...
2026-07-12 19:54:57,721 sgg_benchmark.data.build INFO: Loading data statistics from: ./checkpoints/spatial/react_auto/SpatialRobot_statistics.cache
2026-07-12 19:54:57,721 sgg_benchmark.data.build INFO: ----------------------------------------------------------------------------------------------------
2026-07-12 19:54:57,725 sgg_benchmark INFO: Dynamically loaded 213 seen triplets from training statistics for zero-shot evaluation.
2026-07-12 19:54:59,840 sgg_benchmark INFO: 
====================================================================================================
Detection evaluation mAp=0.6990
====================================================================================================
SGG eval:     R @ 20: 0.0440;     R @ 50: 0.1015;     R @ 100: 0.1860;  for mode=sgdet.
SGG eval:    mR @ 20: 0.1384;    mR @ 50: 0.1945;    mR @ 100: 0.2625;  for mode=sgdet.
----------------------- Details ------------------------
(on:0.4394) (under:0.5000) (to the left of:0.1532) (to the right of:0.1406) (in front of:0.2651) (behind:0.2685) (near:0.0705) 
--------------------------------------------------------
SGG eval:     zR @ 20: 0.0000;     zR @ 50: 0.0000;     zR @ 100: 0.0000;  for mode=sgdet.
SGG eval:     F1 @ 20: 0.0668;     F1 @ 50: 0.1334;     F1 @ 100: 0.2177;  for mode=sgdet.
====================================================================================================

2026-07-12 19:54:59,841 sgg_benchmark INFO: Average validation Result for mR: 0.1984
2026-07-12 19:54:59,842 sgg_benchmark INFO: Now best epoch in mR@k is : 18, with value is 0.21071732072978425
2026-07-12 19:54:59,844 sgg_benchmark INFO: Detached logging enabled (interval=200)
2026-07-12 19:55:01,046 sgg_benchmark INFO: Epoch 24 [1/62] | loss=0.2896 | loss: [ rel=0.254 | l21=0.033 | dist=0.003 | dis=0.000 ] | lr=5.17e-07 | elapsed=0:00:01 | ETA=0:01:13
2026-07-12 19:55:55,867 sgg_benchmark INFO: Epoch 24 training time: 56.02 s
2026-07-12 19:55:55,868 sgg_benchmark INFO: Start validating
2026-07-12 19:55:55,868 sgg_benchmark INFO: Start evaluation on  dataset(100 images).
2026-07-12 19:55:59,771 sgg_benchmark INFO: Total run time: 0:00:03 (35.85083225250244 ms / img per device, on 1 devices)
2026-07-12 19:55:59,771 sgg_benchmark INFO: Average latency per image: 35.85083225250244ms
2026-07-12 19:55:59,771 sgg_benchmark INFO: Standard deviation of latency: 2.5165959766730954ms
2026-07-12 19:55:59,775 sgg_benchmark.data.build INFO: ----------------------------------------------------------------------------------------------------
2026-07-12 19:55:59,775 sgg_benchmark.data.build INFO: get dataset statistics...
2026-07-12 19:55:59,775 sgg_benchmark.data.build INFO: Loading data statistics from: ./checkpoints/spatial/react_auto/SpatialRobot_statistics.cache
2026-07-12 19:55:59,775 sgg_benchmark.data.build INFO: ----------------------------------------------------------------------------------------------------
2026-07-12 19:55:59,777 sgg_benchmark INFO: Dynamically loaded 213 seen triplets from training statistics for zero-shot evaluation.
2026-07-12 19:56:01,939 sgg_benchmark INFO: 
====================================================================================================
Detection evaluation mAp=0.6990
====================================================================================================
SGG eval:     R @ 20: 0.0478;     R @ 50: 0.1082;     R @ 100: 0.1966;  for mode=sgdet.
SGG eval:    mR @ 20: 0.1433;    mR @ 50: 0.2042;    mR @ 100: 0.2746;  for mode=sgdet.
----------------------- Details ------------------------
(on:0.4853) (under:0.5000) (to the left of:0.1503) (to the right of:0.1426) (in front of:0.2589) (behind:0.3073) (near:0.0781) 
--------------------------------------------------------
SGG eval:     zR @ 20: 0.0000;     zR @ 50: 0.0000;     zR @ 100: 0.0000;  for mode=sgdet.
SGG eval:     F1 @ 20: 0.0717;     F1 @ 50: 0.1415;     F1 @ 100: 0.2292;  for mode=sgdet.
====================================================================================================

2026-07-12 19:56:01,941 sgg_benchmark INFO: Average validation Result for mR: 0.2074
2026-07-12 19:56:01,941 sgg_benchmark INFO: Now best epoch in mR@k is : 18, with value is 0.21071732072978425
2026-07-12 19:56:01,941 sgg_benchmark INFO: Total training time: 0:25:58.215992 (62.3286 s / epoch)
2026-07-12 19:56:01,942 sgg_benchmark INFO: Best Epoch is : 18.0000
2026-07-12 19:56:01,942 sgg_benchmark INFO: Running final evaluation...
2026-07-12 19:56:01,942 sgg_benchmark INFO: Loading best checkpoint from ./checkpoints/spatial/react_auto/best_model_epoch_18.pth...
2026-07-12 19:56:01,943 sgg_benchmark.utils.checkpoint INFO: Loading checkpoint from ./checkpoints/spatial/react_auto/best_model_epoch_18.pth
